// Jest Snapshot v1, https://goo.gl/fbAQLP

exports[`OrganizationTeamProjects Should render 1`] = `
.glamor-59 {
  background: #fff;
  border: 1px solid;
  margin-bottom: NaNpx;
  position: relative;
}

.glamor-25 {
  font-size: 13px;
  font-weight: 600;
  text-transform: uppercase;
  border-bottom: 1px solid;
  border-radius: 0 0;
  line-height: 1;
  padding-top: 4px;
  padding-right: 4px;
  padding-bottom: 4px;
  padding-left: 10px;
}

.glamor-22 {
  box-sizing: border-box;
  display: -webkit-box;
  display: -webkit-flex;
  display: -ms-flexbox;
  display: flex;
  -webkit-align-items: center;
  -webkit-box-align: center;
  -ms-flex-align: center;
  align-items: center;
  -webkit-box-pack: justify;
  -webkit-justify-content: space-between;
  -ms-flex-pack: justify;
  justify-content: space-between;
  font-size: 13px;
  font-weight: 600;
  text-transform: uppercase;
  border-bottom: 1px solid;
  border-radius: 0 0;
  line-height: 1;
  padding-top: 4px;
  padding-right: 4px;
  padding-bottom: 4px;
  padding-left: 10px;
}

.glamor-17 {
  position: relative;
  display: inline-block;
}

.glamor-11 {
  position: relative;
  z-index: 2;
  box-shadow: none;
}

.glamor-9 {
  box-sizing: border-box;
  display: -webkit-box;
  display: -webkit-flex;
  display: -ms-flexbox;
  display: flex;
  -webkit-align-items: center;
  -webkit-box-align: center;
  -ms-flex-align: center;
  align-items: center;
}

.glamor-3 {
  margin-left: 0.33em;
}

.glamor-1 {
  vertical-align: middle;
  margin-left: 0.33em;
}

.glamor-55 {
  display: -webkit-box;
  display: -webkit-flex;
  display: -ms-flexbox;
  display: flex;
  -webkit-align-items: center;
  -webkit-box-align: center;
  -ms-flex-align: center;
  align-items: center;
  -webkit-box-pack: justify;
  -webkit-justify-content: space-between;
  -ms-flex-pack: justify;
  justify-content: space-between;
  padding-top: 10px;
  padding-right: 10px;
  padding-bottom: 10px;
  padding-left: 10px;
}

.glamor-50 {
  box-sizing: border-box;
  padding: 16px;
  display: -webkit-box;
  display: -webkit-flex;
  display: -ms-flexbox;
  display: flex;
  border-bottom: 1px solid;
  display: -webkit-box;
  display: -webkit-flex;
  display: -ms-flexbox;
  display: flex;
  -webkit-align-items: center;
  -webkit-box-align: center;
  -ms-flex-align: center;
  align-items: center;
  -webkit-box-pack: justify;
  -webkit-justify-content: space-between;
  -ms-flex-pack: justify;
  justify-content: space-between;
  padding-top: 10px;
  padding-right: 10px;
  padding-bottom: 10px;
  padding-left: 10px;
}

.glamor-50:last-child {
  border: 0;
}

.glamor-35 {
  color: #645574;
}

.glamor-29 {
  border: none;
  background-color: inherit;
  padding: 0;
}

.glamor-41 {
  min-height: 1.25em;
  min-width: 1.25em;
  margin-right: 6px;
}

.glamor-39 {
  vertical-align: middle;
  min-height: 1.25em;
  min-width: 1.25em;
  margin-right: 6px;
}

<TeamProjects
  params={
    Object {
      "orgId": "org-slug",
      "teamId": "team-slug",
    }
  }
>
  <Panel>
    <StyledPanel>
      <div
        className="glamor-59 glamor-60"
      >
        <PanelHeader
          alignItems="center"
          hasButtons={true}
          justifyContent="space-between"
        >
          <StyledPanelHeader
            alignItems="center"
            hasButtons={true}
            justifyContent="space-between"
          >
            <Component
              alignItems="center"
              className="glamor-25 glamor-21"
              hasButtons={true}
              justifyContent="space-between"
            >
              <Flex
                align="center"
                alignItems="center"
                className="glamor-25 glamor-21"
                justify="space-between"
                justifyContent="space-between"
              >
                <Base
                  align="center"
                  alignItems="center"
                  className="glamor-21 glamor-22"
                  justify="space-between"
                  justifyContent="space-between"
                >
                  <div
                    alignItems="center"
                    className="glamor-21 glamor-22"
                    is={null}
                    justifyContent="space-between"
                  >
                    <div>
                      Projects
                    </div>
                    <div
                      style={
                        Object {
                          "textTransform": "none",
                        }
                      }
                    >
                      <DropdownAutoComplete
                        alignMenu="right"
                        items={
                          Array [
                            Object {
                              "label": <div
                                className="css-hfmtrw-styles"
                              >
                                project-slug-2
                              </div>,
                              "searchKey": "project-slug-2",
                              "value": "3",
                            },
                          ]
                        }
                        onSelect={[Function]}
                      >
                        <DropdownAutoCompleteMenu
                          alignMenu="right"
                          blendCorner={true}
                          items={
                            Array [
                              Object {
                                "label": <div
                                  className="css-hfmtrw-styles"
                                >
                                  project-slug-2
                                </div>,
                                "searchKey": "project-slug-2",
                                "value": "3",
                              },
                            ]
                          }
                          onSelect={[Function]}
                        >
                          <AutoComplete
                            itemToString={[Function]}
                            onSelect={[Function]}
                          >
                            <DropdownMenu
                              isOpen={false}
                              keepMenuOpen={false}
                              onClickOutside={[Function]}
                            >
                              <AutoCompleteRoot>
                                <Component
                                  className="glamor-17 glamor-18"
                                >
                                  <div
                                    className="glamor-17 glamor-18"
                                  >
                                    <div
                                      onClick={[Function]}
                                      onMouseEnter={[Function]}
                                      onMouseLeave={[Function]}
                                      role="button"
                                    >
                                      <DropdownButton
                                        isOpen={false}
                                        size="xsmall"
                                      >
                                        <StyledButton
                                          isOpen={false}
                                          size="xsmall"
                                        >
                                          <Component
                                            className="glamor-11 glamor-12"
                                            isOpen={false}
                                            size="xsmall"
                                          >
                                            <Button
                                              className="glamor-11 glamor-12"
                                              disabled={false}
                                              size="xsmall"
                                            >
                                              <button
                                                className="glamor-11 glamor-12 button button-default button-xs"
                                                disabled={false}
                                                onClick={[Function]}
                                                role="button"
                                              >
                                                <Flex
                                                  align="center"
                                                  className="button-label"
                                                >
                                                  <Base
                                                    align="center"
                                                    className="button-label glamor-9"
                                                  >
                                                    <div
                                                      className="button-label glamor-9"
                                                      is={null}
                                                    >
                                                      Add Project
                                                      <StyledChevronDown>
                                                        <Component
                                                          className="glamor-3 glamor-0"
                                                        >
                                                          <InlineSvg
                                                            className="glamor-3 glamor-0"
                                                            src="icon-chevron-down"
                                                          >
                                                            <StyledSvg
                                                              className="glamor-3 glamor-0"
                                                              height="1em"
                                                              style={Object {}}
                                                              viewBox={Object {}}
                                                              width="1em"
                                                            >
                                                              <svg
                                                                className="glamor-0 glamor-1 glamor-2"
                                                                height="1em"
                                                                style={Object {}}
                                                                viewBox={Object {}}
                                                                width="1em"
                                                              >
                                                                <use
                                                                  href="#test"
                                                                  xlinkHref="#test"
                                                                />
                                                              </svg>
                                                            </StyledSvg>
                                                          </InlineSvg>
                                                        </Component>
                                                      </StyledChevronDown>
                                                    </div>
                                                  </Base>
                                                </Flex>
                                              </button>
                                            </Button>
                                          </Component>
                                        </StyledButton>
                                      </DropdownButton>
                                    </div>
                                  </div>
                                </Component>
                              </AutoCompleteRoot>
                            </DropdownMenu>
                          </AutoComplete>
                        </DropdownAutoCompleteMenu>
                      </DropdownAutoComplete>
                    </div>
                  </div>
                </Base>
              </Flex>
            </Component>
          </StyledPanelHeader>
        </PanelHeader>
        <PanelBody
          direction="column"
          disablePadding={true}
          flex={false}
        >
          <div
            className=""
          >
            <StyledPanelItem
              key="2"
            >
              <PanelItem
                className="glamor-55 glamor-49"
                p={2}
              >
                <StyledPanelItem
                  className="glamor-55 glamor-49"
                  p={2}
                >
                  <Base
                    className="glamor-49 glamor-50 glamor-51"
                    p={2}
                  >
                    <div
                      className="glamor-49 glamor-50 glamor-51"
                      is={null}
                    >
                      <ProjectItem
                        organization={
                          Object {
                            "access": Array [
                              "org:read",
                              "org:write",
                              "org:admin",
                              "project:read",
                              "project:write",
                              "project:admin",
                              "team:read",
                              "team:write",
                              "team:admin",
                            ],
                            "features": Array [],
                            "id": "3",
                            "name": "Organization Name",
                            "onboardingTasks": Array [],
                            "projects": Array [],
                            "slug": "org-slug",
                            "status": Object {
                              "id": "active",
                              "name": "active",
                            },
                            "teams": Array [],
                          }
                        }
                        project={
                          Object {
                            "hasAccess": true,
                            "id": "2",
                            "isBookmarked": false,
                            "isMember": true,
                            "name": "Project Name",
                            "slug": "project-slug",
                            "teams": Array [
                              Object {
                                "id": "1",
                                "name": "Team Name",
                                "slug": "team-slug",
                              },
                            ],
                          }
                        }
                      >
                        <div
                          className={null}
                          key="2"
                        >
                          <Tooltip
                            title="Add to bookmarks"
                          >
                            <InlineButton
                              className="tip"
                              onClick={[Function]}
                              title="Add to bookmarks"
                            >
                              <button
                                className="tip glamor-29 glamor-30"
                                onClick={[Function]}
                                title="Add to bookmarks"
                              >
                                <span
                                  className="icon-star-outline bookmark"
                                />
                              </button>
                            </InlineButton>
                          </Tooltip>
                          <Link
                            className="glamor-35"
                            to="/settings/org-slug/project-slug/"
                          >
                            <Link
                              className="glamor-35"
                              onlyActiveOnIndex={false}
                              style={Object {}}
                              to="/settings/org-slug/project-slug/"
                            >
                              <a
                                className="glamor-35"
                                onClick={[Function]}
                                style={Object {}}
                              >
                                <StyledProjectLabel
                                  organization={
                                    Object {
                                      "access": Array [
                                        "org:read",
                                        "org:write",
                                        "org:admin",
                                        "project:read",
                                        "project:write",
                                        "project:admin",
                                        "team:read",
                                        "team:write",
                                        "team:admin",
                                      ],
                                      "features": Array [],
                                      "id": "3",
                                      "name": "Organization Name",
                                      "onboardingTasks": Array [],
                                      "projects": Array [],
                                      "slug": "org-slug",
                                      "status": Object {
                                        "id": "active",
                                        "name": "active",
                                      },
                                      "teams": Array [],
                                    }
                                  }
                                  project={
                                    Object {
                                      "hasAccess": true,
                                      "id": "2",
                                      "isBookmarked": false,
                                      "isMember": true,
                                      "name": "Project Name",
                                      "slug": "project-slug",
                                      "teams": Array [
                                        Object {
                                          "id": "1",
                                          "name": "Team Name",
                                          "slug": "team-slug",
                                        },
                                      ],
                                    }
                                  }
                                >
                                  <ProjectLabel
                                    className="glamor-31 glamor-32"
                                    organization={
                                      Object {
                                        "access": Array [
                                          "org:read",
                                          "org:write",
                                          "org:admin",
                                          "project:read",
                                          "project:write",
                                          "project:admin",
                                          "team:read",
                                          "team:write",
                                          "team:admin",
                                        ],
                                        "features": Array [],
                                        "id": "3",
                                        "name": "Organization Name",
                                        "onboardingTasks": Array [],
                                        "projects": Array [],
                                        "slug": "org-slug",
                                        "status": Object {
                                          "id": "active",
                                          "name": "active",
                                        },
                                        "teams": Array [],
                                      }
                                    }
                                    project={
                                      Object {
                                        "hasAccess": true,
                                        "id": "2",
                                        "isBookmarked": false,
                                        "isMember": true,
                                        "name": "Project Name",
                                        "slug": "project-slug",
                                        "teams": Array [
                                          Object {
                                            "id": "1",
                                            "name": "Team Name",
                                            "slug": "team-slug",
                                          },
                                        ],
                                      }
                                    }
                                  >
                                    <span
                                      className="glamor-31 glamor-32"
                                      organization={
                                        Object {
                                          "access": Array [
                                            "org:read",
                                            "org:write",
                                            "org:admin",
                                            "project:read",
                                            "project:write",
                                            "project:admin",
                                            "team:read",
                                            "team:write",
                                            "team:admin",
                                          ],
                                          "features": Array [],
                                          "id": "3",
                                          "name": "Organization Name",
                                          "onboardingTasks": Array [],
                                          "projects": Array [],
                                          "slug": "org-slug",
                                          "status": Object {
                                            "id": "active",
                                            "name": "active",
                                          },
                                          "teams": Array [],
                                        }
                                      }
                                      project={
                                        Object {
                                          "hasAccess": true,
                                          "id": "2",
                                          "isBookmarked": false,
                                          "isMember": true,
                                          "name": "Project Name",
                                          "slug": "project-slug",
                                          "teams": Array [
                                            Object {
                                              "id": "1",
                                              "name": "Team Name",
                                              "slug": "team-slug",
                                            },
                                          ],
                                        }
                                      }
                                    >
                                      <span
                                        className="project-name"
                                      >
                                        Project Name
                                      </span>
                                    </span>
                                  </ProjectLabel>
                                </StyledProjectLabel>
                              </a>
                            </Link>
                          </Link>
                        </div>
                      </ProjectItem>
                      <Button
                        disabled={false}
                        onClick={[Function]}
                        size="small"
                      >
                        <button
                          className="button button-default button-sm"
                          disabled={false}
                          onClick={[Function]}
                          role="button"
                        >
                          <Flex
                            align="center"
                            className="button-label"
                          >
                            <Base
                              align="center"
                              className="button-label glamor-9"
                            >
                              <div
                                className="button-label glamor-9"
                                is={null}
                              >
                                <RemoveIcon>
                                  <Component
                                    className="glamor-41 glamor-38"
                                  >
                                    <InlineSvg
                                      className="glamor-41 glamor-38"
                                      src="icon-circle-subtract"
                                    >
                                      <StyledSvg
                                        className="glamor-41 glamor-38"
                                        height="1em"
                                        style={Object {}}
                                        viewBox={Object {}}
                                        width="1em"
                                      >
                                        <svg
                                          className="glamor-38 glamor-39 glamor-2"
                                          height="1em"
                                          style={Object {}}
                                          viewBox={Object {}}
                                          width="1em"
                                        >
                                          <use
                                            href="#test"
                                            xlinkHref="#test"
                                          />
                                        </svg>
                                      </StyledSvg>
                                    </InlineSvg>
                                  </Component>
                                </RemoveIcon>
                                 
                                Remove
                              </div>
                            </Base>
                          </Flex>
                        </button>
                      </Button>
                    </div>
                  </Base>
                </StyledPanelItem>
              </PanelItem>
            </StyledPanelItem>
          </div>
        </PanelBody>
      </div>
    </StyledPanel>
  </Panel>
</TeamProjects>
`;
